// Jest Snapshot v1, https://goo.gl/fbAQLP

exports[`renders when invisible 1`] = `null`;

exports[`renders when visible 1`] = `
<div>
  <div
    className="modal-backdrop fade show"
  />
  <div
    className="modal fade show"
    onClick={[Function]}
    onKeyUp={[Function]}
    role="dialog"
    style={
      Object {
        "display": "block",
      }
    }
    tabIndex="-1"
  >
    <div
      className="modal-dialog"
      role="document"
    >
      <div
        className="modal-content"
      >
        <div
          className="modal-header"
        >
          <h5
            className="modal-title"
          >
            Modal title
          </h5>
          <button
            aria-label="Close"
            className="close"
            onClick={[Function]}
            type="button"
          >
            <span
              aria-hidden="true"
            >
              Ã—
            </span>
          </button>
        </div>
        <div
          className="modal-body"
        >
          Hello Modal
        </div>
        <div
          className="modal-footer"
        >
          <button
            className="btn btn-secondary"
            type="button"
          >
            Close
          </button>
          <button
            className="btn btn-primary"
            type="button"
          >
            Save changes
          </button>
        </div>
      </div>
    </div>
  </div>
</div>
`;
